18:42:39 **** Incremental Build of configuration Debug for project accelerator_test ****
make all 
make: Warning: File `src/subdir.mk' has modification time 0.62 s in the future
make: warning:  Clock skew detected.  Your build may be incomplete.
make: Nothing to be done for `all'.
18:43:32 **** Auto Build of configuration Debug for project accelerator_test ****
make all 
make: Warning: File `src/subdir.mk' has modification time 0.61 s in the future
Building file: ../src/main.c
Invoking: ARM gcc compiler
arm-xilinx-eabi-gcc -Wall -O0 -g3 -c -fmessage-length=0 -MT"src/main.o" -I../../standalone_bsp_0/ps7_cortexa9_0/include -MMD -MP -MF"src/main.d" -MT"src/main.d" -o "src/main.o" "../src/main.c"
Finished building: ../src/main.c
 
Building target: accelerator_test.elf
Invoking: ARM gcc linker
arm-xilinx-eabi-gcc -Wl,-T -Wl,../src/lscript.ld -L../../standalone_bsp_0/ps7_cortexa9_0/lib -o "accelerator_test.elf"  ./src/main.o ./src/platform.o   -Wl,--start-group,-lxil,-lgcc,-lc,--end-group
Finished building target: accelerator_test.elf
 
Invoking: ARM Print Size
arm-xilinx-eabi-size accelerator_test.elf  |tee "accelerator_test.elf.size"
   text	   data	    bss	    dec	    hex	filename
  26304	   2192	  22628	  51124	   c7b4	accelerator_test.elf
Finished building: accelerator_test.elf.size
 
make: warning:  Clock skew detected.  Your build may be incomplete.
18:43:37 **** Incremental Build of configuration Debug for project accelerator_test ****
make all 
make: Warning: File `src/subdir.mk' has modification time 0.63 s in the future
make: warning:  Clock skew detected.  Your build may be incomplete.
make: Nothing to be done for `all'.
18:46:11 **** Auto Build of configuration Debug for project accelerator_test ****
make all 
make: Warning: File `src/subdir.mk' has modification time 0.62 s in the future
Building file: ../src/main.c
Invoking: ARM gcc compiler
arm-xilinx-eabi-gcc -Wall -O0 -g3 -c -fmessage-length=0 -MT"src/main.o" -I../../standalone_bsp_0/ps7_cortexa9_0/include -MMD -MP -MF"src/main.d" -MT"src/main.d" -o "src/main.o" "../src/main.c"
Finished building: ../src/main.c
 
Building target: accelerator_test.elf
Invoking: ARM gcc linker
arm-xilinx-eabi-gcc -Wl,-T -Wl,../src/lscript.ld -L../../standalone_bsp_0/ps7_cortexa9_0/lib -o "accelerator_test.elf"  ./src/main.o ./src/platform.o   -Wl,--start-group,-lxil,-lgcc,-lc,--end-group
Finished building target: accelerator_test.elf
 
Invoking: ARM Print Size
arm-xilinx-eabi-size accelerator_test.elf  |tee "accelerator_test.elf.size"
   text	   data	    bss	    dec	    hex	filename
  26300	   2192	  22628	  51120	   c7b0	accelerator_test.elf
Finished building: accelerator_test.elf.size
 
make: warning:  Clock skew detected.  Your build may be incomplete.
18:46:51 **** Incremental Build of configuration Debug for project accelerator_test ****
make all 
make: Warning: File `src/subdir.mk' has modification time 0.61 s in the future
make: warning:  Clock skew detected.  Your build may be incomplete.
make: Nothing to be done for `all'.
