15:44:23 **** Incremental Build of configuration Debug for project accel_test ****
make all 
make: Warning: File `src/subdir.mk' has modification time 0.32 s in the future
Building target: accel_test.elf
Invoking: ARM gcc linker
arm-xilinx-eabi-gcc -Wl,-T -Wl,../src/lscript.ld -L../../standalone_accel_test_0/ps7_cortexa9_0/lib -o "accel_test.elf"  ./src/helloworld.o ./src/platform.o   -Wl,--start-group,-lxil,-lgcc,-lc,--end-group
../../standalone_accel_test_0/ps7_cortexa9_0/lib/libxil.a(MINIMAL_DMA_CONTROL.o): In function `rst_dma':
/mnt/studproj/ebensberger/vhdl-sejits/src/vivado/template_project/template_project.sdk/standalone_accel_test_0/ps7_cortexa9_0/libsrc/MINIMAL_DMA_CONTROL_v1_0/src/MINIMAL_DMA_CONTROL.h:49: multiple definition of `rst_dma'
./src/helloworld.o:/mnt/studproj/ebensberger/vhdl-sejits/src/vivado/template_project/template_project.sdk/accel_test/Debug/../../standalone_accel_test_0/ps7_cortexa9_0/include/MINIMAL_DMA_CONTROL.h:49: first defined here
collect2: error: ld returned 1 exit status
make: *** [accel_test.elf] Error 1
15:44:57 **** Auto Build of project standalone_accel_test_0 ****
make -k all 
make: Warning: File `Makefile' has modification time 0.052 s in the future
Running Make include in ps7_cortexa9_0/libsrc/MINIMAL_DMA_CONTROL_v1_0/src
make -C ps7_cortexa9_0/libsrc/MINIMAL_DMA_CONTROL_v1_0/src -s include  "SHELL=/bin/sh" "COMPILER=arm-xilinx-eabi-gcc" "ARCHIVER=arm-xilinx-eabi-ar" "COMPILER_FLAGS=  -O2 -c" "EXTRA_COMPILER_FLAGS=-g"
Running Make include in ps7_cortexa9_0/libsrc/coresightps_dcc_v1_0/src
make -C ps7_cortexa9_0/libsrc/coresightps_dcc_v1_0/src -s include  "SHELL=/bin/sh" "COMPILER=arm-xilinx-eabi-gcc" "ARCHIVER=arm-xilinx-eabi-ar" "COMPILER_FLAGS=  -O2 -c" "EXTRA_COMPILER_FLAGS=-g"
Running Make include in ps7_cortexa9_0/libsrc/cpu_cortexa9_v2_1/src
make -C ps7_cortexa9_0/libsrc/cpu_cortexa9_v2_1/src -s include  "SHELL=/bin/sh" "COMPILER=arm-xilinx-eabi-gcc" "ARCHIVER=arm-xilinx-eabi-ar" "COMPILER_FLAGS=  -O2 -c" "EXTRA_COMPILER_FLAGS=-g"
Running Make include in ps7_cortexa9_0/libsrc/devcfg_v3_3/src
make -C ps7_cortexa9_0/libsrc/devcfg_v3_3/src -s include  "SHELL=/bin/sh" "COMPILER=arm-xilinx-eabi-gcc" "ARCHIVER=arm-xilinx-eabi-ar" "COMPILER_FLAGS=  -O2 -c" "EXTRA_COMPILER_FLAGS=-g"
Running Make include in ps7_cortexa9_0/libsrc/dmaps_v2_1/src
make -C ps7_cortexa9_0/libsrc/dmaps_v2_1/src -s include  "SHELL=/bin/sh" "COMPILER=arm-xilinx-eabi-gcc" "ARCHIVER=arm-xilinx-eabi-ar" "COMPILER_FLAGS=  -O2 -c" "EXTRA_COMPILER_FLAGS=-g"
Running Make include in ps7_cortexa9_0/libsrc/emacps_v3_0/src
make -C ps7_cortexa9_0/libsrc/emacps_v3_0/src -s include  "SHELL=/bin/sh" "COMPILER=arm-xilinx-eabi-gcc" "ARCHIVER=arm-xilinx-eabi-ar" "COMPILER_FLAGS=  -O2 -c" "EXTRA_COMPILER_FLAGS=-g"
Running Make include in ps7_cortexa9_0/libsrc/gpiops_v3_0/src
make -C ps7_cortexa9_0/libsrc/gpiops_v3_0/src -s include  "SHELL=/bin/sh" "COMPILER=arm-xilinx-eabi-gcc" "ARCHIVER=arm-xilinx-eabi-ar" "COMPILER_FLAGS=  -O2 -c" "EXTRA_COMPILER_FLAGS=-g"
Running Make include in ps7_cortexa9_0/libsrc/qspips_v3_2/src
make -C ps7_cortexa9_0/libsrc/qspips_v3_2/src -s include  "SHELL=/bin/sh" "COMPILER=arm-xilinx-eabi-gcc" "ARCHIVER=arm-xilinx-eabi-ar" "COMPILER_FLAGS=  -O2 -c" "EXTRA_COMPILER_FLAGS=-g"
Running Make include in ps7_cortexa9_0/libsrc/scugic_v3_0/src
make -C ps7_cortexa9_0/libsrc/scugic_v3_0/src -s include  "SHELL=/bin/sh" "COMPILER=arm-xilinx-eabi-gcc" "ARCHIVER=arm-xilinx-eabi-ar" "COMPILER_FLAGS=  -O2 -c" "EXTRA_COMPILER_FLAGS=-g"
Running Make include in ps7_cortexa9_0/libsrc/scutimer_v2_1/src
make -C ps7_cortexa9_0/libsrc/scutimer_v2_1/src -s include  "SHELL=/bin/sh" "COMPILER=arm-xilinx-eabi-gcc" "ARCHIVER=arm-xilinx-eabi-ar" "COMPILER_FLAGS=  -O2 -c" "EXTRA_COMPILER_FLAGS=-g"
Running Make include in ps7_cortexa9_0/libsrc/scuwdt_v2_1/src
make -C ps7_cortexa9_0/libsrc/scuwdt_v2_1/src -s include  "SHELL=/bin/sh" "COMPILER=arm-xilinx-eabi-gcc" "ARCHIVER=arm-xilinx-eabi-ar" "COMPILER_FLAGS=  -O2 -c" "EXTRA_COMPILER_FLAGS=-g"
Running Make include in ps7_cortexa9_0/libsrc/sdps_v2_4/src
make -C ps7_cortexa9_0/libsrc/sdps_v2_4/src -s include  "SHELL=/bin/sh" "COMPILER=arm-xilinx-eabi-gcc" "ARCHIVER=arm-xilinx-eabi-ar" "COMPILER_FLAGS=  -O2 -c" "EXTRA_COMPILER_FLAGS=-g"
Running Make include in ps7_cortexa9_0/libsrc/standalone_v5_1/src
make -C ps7_cortexa9_0/libsrc/standalone_v5_1/src -s include  "SHELL=/bin/sh" "COMPILER=arm-xilinx-eabi-gcc" "ARCHIVER=arm-xilinx-eabi-ar" "COMPILER_FLAGS=  -O2 -c" "EXTRA_COMPILER_FLAGS=-g"
Running Make include in ps7_cortexa9_0/libsrc/ttcps_v3_0/src
make -C ps7_cortexa9_0/libsrc/ttcps_v3_0/src -s include  "SHELL=/bin/sh" "COMPILER=arm-xilinx-eabi-gcc" "ARCHIVER=arm-xilinx-eabi-ar" "COMPILER_FLAGS=  -O2 -c" "EXTRA_COMPILER_FLAGS=-g"
Running Make include in ps7_cortexa9_0/libsrc/uartps_v3_0/src
make -C ps7_cortexa9_0/libsrc/uartps_v3_0/src -s include  "SHELL=/bin/sh" "COMPILER=arm-xilinx-eabi-gcc" "ARCHIVER=arm-xilinx-eabi-ar" "COMPILER_FLAGS=  -O2 -c" "EXTRA_COMPILER_FLAGS=-g"
Running Make include in ps7_cortexa9_0/libsrc/usbps_v2_2/src
make -C ps7_cortexa9_0/libsrc/usbps_v2_2/src -s include  "SHELL=/bin/sh" "COMPILER=arm-xilinx-eabi-gcc" "ARCHIVER=arm-xilinx-eabi-ar" "COMPILER_FLAGS=  -O2 -c" "EXTRA_COMPILER_FLAGS=-g"
Running Make include in ps7_cortexa9_0/libsrc/xadcps_v2_2/src
make -C ps7_cortexa9_0/libsrc/xadcps_v2_2/src -s include  "SHELL=/bin/sh" "COMPILER=arm-xilinx-eabi-gcc" "ARCHIVER=arm-xilinx-eabi-ar" "COMPILER_FLAGS=  -O2 -c" "EXTRA_COMPILER_FLAGS=-g"
Running Make libs in ps7_cortexa9_0/libsrc/MINIMAL_DMA_CONTROL_v1_0/src
make -C ps7_cortexa9_0/libsrc/MINIMAL_DMA_CONTROL_v1_0/src -s libs  "SHELL=/bin/sh" "COMPILER=arm-xilinx-eabi-gcc" "ARCHIVER=arm-xilinx-eabi-ar" "COMPILER_FLAGS=  -O2 -c" "EXTRA_COMPILER_FLAGS=-g"
Compiling MINIMAL_DMA_CONTROL...
arm-xilinx-eabi-ar: creating ../../../lib/libxil.a
Running Make libs in ps7_cortexa9_0/libsrc/coresightps_dcc_v1_0/src
make -C ps7_cortexa9_0/libsrc/coresightps_dcc_v1_0/src -s libs  "SHELL=/bin/sh" "COMPILER=arm-xilinx-eabi-gcc" "ARCHIVER=arm-xilinx-eabi-ar" "COMPILER_FLAGS=  -O2 -c" "EXTRA_COMPILER_FLAGS=-g"
Compiling coresightps_dcc
Running Make libs in ps7_cortexa9_0/libsrc/cpu_cortexa9_v2_1/src
make -C ps7_cortexa9_0/libsrc/cpu_cortexa9_v2_1/src -s libs  "SHELL=/bin/sh" "COMPILER=arm-xilinx-eabi-gcc" "ARCHIVER=arm-xilinx-eabi-ar" "COMPILER_FLAGS=  -O2 -c" "EXTRA_COMPILER_FLAGS=-g"
Compiling cpu_cortexa9
Running Make libs in ps7_cortexa9_0/libsrc/devcfg_v3_3/src
make -C ps7_cortexa9_0/libsrc/devcfg_v3_3/src -s libs  "SHELL=/bin/sh" "COMPILER=arm-xilinx-eabi-gcc" "ARCHIVER=arm-xilinx-eabi-ar" "COMPILER_FLAGS=  -O2 -c" "EXTRA_COMPILER_FLAGS=-g"
Compiling devcfg
Running Make libs in ps7_cortexa9_0/libsrc/dmaps_v2_1/src
make -C ps7_cortexa9_0/libsrc/dmaps_v2_1/src -s libs  "SHELL=/bin/sh" "COMPILER=arm-xilinx-eabi-gcc" "ARCHIVER=arm-xilinx-eabi-ar" "COMPILER_FLAGS=  -O2 -c" "EXTRA_COMPILER_FLAGS=-g"
Compiling dmaps
Running Make libs in ps7_cortexa9_0/libsrc/emacps_v3_0/src
make -C ps7_cortexa9_0/libsrc/emacps_v3_0/src -s libs  "SHELL=/bin/sh" "COMPILER=arm-xilinx-eabi-gcc" "ARCHIVER=arm-xilinx-eabi-ar" "COMPILER_FLAGS=  -O2 -c" "EXTRA_COMPILER_FLAGS=-g"
Compiling emacps
Running Make libs in ps7_cortexa9_0/libsrc/gpiops_v3_0/src
make -C ps7_cortexa9_0/libsrc/gpiops_v3_0/src -s libs  "SHELL=/bin/sh" "COMPILER=arm-xilinx-eabi-gcc" "ARCHIVER=arm-xilinx-eabi-ar" "COMPILER_FLAGS=  -O2 -c" "EXTRA_COMPILER_FLAGS=-g"
Compiling gpiops
Running Make libs in ps7_cortexa9_0/libsrc/qspips_v3_2/src
make -C ps7_cortexa9_0/libsrc/qspips_v3_2/src -s libs  "SHELL=/bin/sh" "COMPILER=arm-xilinx-eabi-gcc" "ARCHIVER=arm-xilinx-eabi-ar" "COMPILER_FLAGS=  -O2 -c" "EXTRA_COMPILER_FLAGS=-g"
Compiling qspips
Running Make libs in ps7_cortexa9_0/libsrc/scugic_v3_0/src
make -C ps7_cortexa9_0/libsrc/scugic_v3_0/src -s libs  "SHELL=/bin/sh" "COMPILER=arm-xilinx-eabi-gcc" "ARCHIVER=arm-xilinx-eabi-ar" "COMPILER_FLAGS=  -O2 -c" "EXTRA_COMPILER_FLAGS=-g"
Compiling scugic
Running Make libs in ps7_cortexa9_0/libsrc/scutimer_v2_1/src
make -C ps7_cortexa9_0/libsrc/scutimer_v2_1/src -s libs  "SHELL=/bin/sh" "COMPILER=arm-xilinx-eabi-gcc" "ARCHIVER=arm-xilinx-eabi-ar" "COMPILER_FLAGS=  -O2 -c" "EXTRA_COMPILER_FLAGS=-g"
Compiling scutimer
Running Make libs in ps7_cortexa9_0/libsrc/scuwdt_v2_1/src
make -C ps7_cortexa9_0/libsrc/scuwdt_v2_1/src -s libs  "SHELL=/bin/sh" "COMPILER=arm-xilinx-eabi-gcc" "ARCHIVER=arm-xilinx-eabi-ar" "COMPILER_FLAGS=  -O2 -c" "EXTRA_COMPILER_FLAGS=-g"
Compiling scuwdt
Running Make libs in ps7_cortexa9_0/libsrc/sdps_v2_4/src
make -C ps7_cortexa9_0/libsrc/sdps_v2_4/src -s libs  "SHELL=/bin/sh" "COMPILER=arm-xilinx-eabi-gcc" "ARCHIVER=arm-xilinx-eabi-ar" "COMPILER_FLAGS=  -O2 -c" "EXTRA_COMPILER_FLAGS=-g"
Compiling sdps
Running Make libs in ps7_cortexa9_0/libsrc/standalone_v5_1/src
make -C ps7_cortexa9_0/libsrc/standalone_v5_1/src -s libs  "SHELL=/bin/sh" "COMPILER=arm-xilinx-eabi-gcc" "ARCHIVER=arm-xilinx-eabi-ar" "COMPILER_FLAGS=  -O2 -c" "EXTRA_COMPILER_FLAGS=-g"
Compiling standalone
Running Make libs in ps7_cortexa9_0/libsrc/ttcps_v3_0/src
make -C ps7_cortexa9_0/libsrc/ttcps_v3_0/src -s libs  "SHELL=/bin/sh" "COMPILER=arm-xilinx-eabi-gcc" "ARCHIVER=arm-xilinx-eabi-ar" "COMPILER_FLAGS=  -O2 -c" "EXTRA_COMPILER_FLAGS=-g"
Compiling ttcps
Running Make libs in ps7_cortexa9_0/libsrc/uartps_v3_0/src
make -C ps7_cortexa9_0/libsrc/uartps_v3_0/src -s libs  "SHELL=/bin/sh" "COMPILER=arm-xilinx-eabi-gcc" "ARCHIVER=arm-xilinx-eabi-ar" "COMPILER_FLAGS=  -O2 -c" "EXTRA_COMPILER_FLAGS=-g"
Compiling uartps
Running Make libs in ps7_cortexa9_0/libsrc/usbps_v2_2/src
make -C ps7_cortexa9_0/libsrc/usbps_v2_2/src -s libs  "SHELL=/bin/sh" "COMPILER=arm-xilinx-eabi-gcc" "ARCHIVER=arm-xilinx-eabi-ar" "COMPILER_FLAGS=  -O2 -c" "EXTRA_COMPILER_FLAGS=-g"
Compiling usbps
Running Make libs in ps7_cortexa9_0/libsrc/xadcps_v2_2/src
make -C ps7_cortexa9_0/libsrc/xadcps_v2_2/src -s libs  "SHELL=/bin/sh" "COMPILER=arm-xilinx-eabi-gcc" "ARCHIVER=arm-xilinx-eabi-ar" "COMPILER_FLAGS=  -O2 -c" "EXTRA_COMPILER_FLAGS=-g"
Compiling xadcps
Finished building libraries
make: warning:  Clock skew detected.  Your build may be incomplete.
15:45:05 **** Auto Build of configuration Debug for project accel_test ****
make all 
make: Warning: File `src/subdir.mk' has modification time 0.31 s in the future
Building file: ../src/helloworld.c
Invoking: ARM gcc compiler
arm-xilinx-eabi-gcc -Wall -O0 -g3 -c -fmessage-length=0 -MT"src/helloworld.o" -I../../standalone_accel_test_0/ps7_cortexa9_0/include -MMD -MP -MF"src/helloworld.d" -MT"src/helloworld.d" -o "src/helloworld.o" "../src/helloworld.c"
Finished building: ../src/helloworld.c
 
Building file: ../src/platform.c
Invoking: ARM gcc compiler
arm-xilinx-eabi-gcc -Wall -O0 -g3 -c -fmessage-length=0 -MT"src/platform.o" -I../../standalone_accel_test_0/ps7_cortexa9_0/include -MMD -MP -MF"src/platform.d" -MT"src/platform.d" -o "src/platform.o" "../src/platform.c"
Finished building: ../src/platform.c
 
Building target: accel_test.elf
Invoking: ARM gcc linker
arm-xilinx-eabi-gcc -Wl,-T -Wl,../src/lscript.ld -L../../standalone_accel_test_0/ps7_cortexa9_0/lib -o "accel_test.elf"  ./src/helloworld.o ./src/platform.o   -Wl,--start-group,-lxil,-lgcc,-lc,--end-group
Finished building target: accel_test.elf
 
Invoking: ARM Print Size
arm-xilinx-eabi-size accel_test.elf  |tee "accel_test.elf.size"
   text	   data	    bss	    dec	    hex	filename
  61424	   2320	  22636	  86380	  1516c	accel_test.elf
Finished building: accel_test.elf.size
 
make: warning:  Clock skew detected.  Your build may be incomplete.
15:45:59 **** Incremental Build of configuration Debug for project accel_test ****
make all 
make: Warning: File `src/subdir.mk' has modification time 0.32 s in the future
make: warning:  Clock skew detected.  Your build may be incomplete.
make: Nothing to be done for `all'.
15:47:24 **** Incremental Build of configuration Debug for project accel_test ****
make all 
make: Warning: File `src/subdir.mk' has modification time 0.32 s in the future
make: Nothing to be done for `all'.
make: warning:  Clock skew detected.  Your build may be incomplete.
15:49:07 **** Incremental Build of configuration Debug for project accel_test ****
make all 
make: Warning: File `src/subdir.mk' has modification time 0.3 s in the future
make: warning:  Clock skew detected.  Your build may be incomplete.
make: Nothing to be done for `all'.
15:53:56 **** Incremental Build of configuration Debug for project accel_test ****
make all 
make: Warning: File `src/subdir.mk' has modification time 0.33 s in the future
make: warning:  Clock skew detected.  Your build may be incomplete.
make: Nothing to be done for `all'.
16:18:43 **** Incremental Build of configuration Debug for project accel_test ****
make all 
make: Warning: File `src/subdir.mk' has modification time 0.37 s in the future
make: warning:  Clock skew detected.  Your build may be incomplete.
make: Nothing to be done for `all'.
16:39:02 **** Incremental Build of configuration Debug for project accel_test ****
make all 
make: Warning: File `src/subdir.mk' has modification time 0.4 s in the future
make: warning:  Clock skew detected.  Your build may be incomplete.
make: Nothing to be done for `all'.
16:56:44 **** Incremental Build of configuration Debug for project accel_test ****
make all 
make: Warning: File `src/subdir.mk' has modification time 0.43 s in the future
make: warning:  Clock skew detected.  Your build may be incomplete.
make: Nothing to be done for `all'.
17:02:25 **** Incremental Build of configuration Debug for project accel_test ****
make all 
make: Warning: File `src/subdir.mk' has modification time 0.42 s in the future
make: warning:  Clock skew detected.  Your build may be incomplete.
make: Nothing to be done for `all'.
17:05:43 **** Incremental Build of configuration Debug for project accel_test ****
make all 
make: Warning: File `src/subdir.mk' has modification time 0.44 s in the future
make: warning:  Clock skew detected.  Your build may be incomplete.
make: Nothing to be done for `all'.
17:12:58 **** Incremental Build of configuration Debug for project accel_test ****
make all 
make: Warning: File `src/subdir.mk' has modification time 0.47 s in the future
make: warning:  Clock skew detected.  Your build may be incomplete.
make: Nothing to be done for `all'.
17:24:44 **** Incremental Build of configuration Debug for project accel_test ****
make all 
make: Warning: File `src/subdir.mk' has modification time 0.45 s in the future
make: Nothing to be done for `all'.
make: warning:  Clock skew detected.  Your build may be incomplete.
17:27:13 **** Auto Build of configuration Debug for project accel_test ****
make all 
make: Warning: File `src/subdir.mk' has modification time 0.48 s in the future
Building file: ../src/helloworld.c
Invoking: ARM gcc compiler
arm-xilinx-eabi-gcc -Wall -O0 -g3 -c -fmessage-length=0 -MT"src/helloworld.o" -I../../standalone_accel_test_0/ps7_cortexa9_0/include -MMD -MP -MF"src/helloworld.d" -MT"src/helloworld.d" -o "src/helloworld.o" "../src/helloworld.c"
Finished building: ../src/helloworld.c
 
Building target: accel_test.elf
Invoking: ARM gcc linker
arm-xilinx-eabi-gcc -Wl,-T -Wl,../src/lscript.ld -L../../standalone_accel_test_0/ps7_cortexa9_0/lib -o "accel_test.elf"  ./src/helloworld.o ./src/platform.o   -Wl,--start-group,-lxil,-lgcc,-lc,--end-group
Finished building target: accel_test.elf
 
Invoking: ARM Print Size
arm-xilinx-eabi-size accel_test.elf  |tee "accel_test.elf.size"
   text	   data	    bss	    dec	    hex	filename
  22968	   1152	  22564	  46684	   b65c	accel_test.elf
Finished building: accel_test.elf.size
 
make: warning:  Clock skew detected.  Your build may be incomplete.
17:27:19 **** Incremental Build of configuration Debug for project accel_test ****
make all 
make: Warning: File `src/subdir.mk' has modification time 0.49 s in the future
make: warning:  Clock skew detected.  Your build may be incomplete.
make: Nothing to be done for `all'.
17:33:56 **** Auto Build of configuration Debug for project accel_test ****
make all 
make: Warning: File `src/subdir.mk' has modification time 0.49 s in the future
Building file: ../src/helloworld.c
Invoking: ARM gcc compiler
arm-xilinx-eabi-gcc -Wall -O0 -g3 -c -fmessage-length=0 -MT"src/helloworld.o" -I../../standalone_accel_test_0/ps7_cortexa9_0/include -MMD -MP -MF"src/helloworld.d" -MT"src/helloworld.d" -o "src/helloworld.o" "../src/helloworld.c"
../src/helloworld.c: In function 'main':
../src/helloworld.c:68:25: error: 'synthetic_image' undeclared (first use in this function)
     start_dma_from_dev(&synthetic_image, 40, dma);
                         ^
../src/helloworld.c:68:25: note: each undeclared identifier is reported only once for each function it appears in
../src/helloworld.c:62:13: warning: unused variable 'synthetic_image_out' [-Wunused-variable]
     int32_t synthetic_image_out[10] = {0,1,2,3,4,5,6,7,8,9};
             ^
make: *** [src/helloworld.o] Error 1
17:34:00 **** Auto Build of configuration Debug for project accel_test ****
make all 
make: Warning: File `src/subdir.mk' has modification time 0.51 s in the future
Building file: ../src/helloworld.c
Invoking: ARM gcc compiler
arm-xilinx-eabi-gcc -Wall -O0 -g3 -c -fmessage-length=0 -MT"src/helloworld.o" -I../../standalone_accel_test_0/ps7_cortexa9_0/include -MMD -MP -MF"src/helloworld.d" -MT"src/helloworld.d" -o "src/helloworld.o" "../src/helloworld.c"
Finished building: ../src/helloworld.c
 
Building target: accel_test.elf
Invoking: ARM gcc linker
arm-xilinx-eabi-gcc -Wl,-T -Wl,../src/lscript.ld -L../../standalone_accel_test_0/ps7_cortexa9_0/lib -o "accel_test.elf"  ./src/helloworld.o ./src/platform.o   -Wl,--start-group,-lxil,-lgcc,-lc,--end-group
Finished building target: accel_test.elf
 
Invoking: ARM Print Size
arm-xilinx-eabi-size accel_test.elf  |tee "accel_test.elf.size"
   text	   data	    bss	    dec	    hex	filename
  23008	   1152	  22564	  46724	   b684	accel_test.elf
Finished building: accel_test.elf.size
 
make: warning:  Clock skew detected.  Your build may be incomplete.
17:34:08 **** Auto Build of configuration Debug for project accel_test ****
make all 
make: Warning: File `src/subdir.mk' has modification time 0.51 s in the future
Building file: ../src/helloworld.c
Invoking: ARM gcc compiler
arm-xilinx-eabi-gcc -Wall -O0 -g3 -c -fmessage-length=0 -MT"src/helloworld.o" -I../../standalone_accel_test_0/ps7_cortexa9_0/include -MMD -MP -MF"src/helloworld.d" -MT"src/helloworld.d" -o "src/helloworld.o" "../src/helloworld.c"
Finished building: ../src/helloworld.c
 
Building target: accel_test.elf
Invoking: ARM gcc linker
arm-xilinx-eabi-gcc -Wl,-T -Wl,../src/lscript.ld -L../../standalone_accel_test_0/ps7_cortexa9_0/lib -o "accel_test.elf"  ./src/helloworld.o ./src/platform.o   -Wl,--start-group,-lxil,-lgcc,-lc,--end-group
Finished building target: accel_test.elf
 
Invoking: ARM Print Size
arm-xilinx-eabi-size accel_test.elf  |tee "accel_test.elf.size"
   text	   data	    bss	    dec	    hex	filename
  23048	   1152	  22564	  46764	   b6ac	accel_test.elf
Finished building: accel_test.elf.size
 
make: warning:  Clock skew detected.  Your build may be incomplete.
17:34:27 **** Incremental Build of configuration Debug for project accel_test ****
make all 
make: Warning: File `src/subdir.mk' has modification time 0.51 s in the future
make: warning:  Clock skew detected.  Your build may be incomplete.
make: Nothing to be done for `all'.
17:36:29 **** Incremental Build of configuration Debug for project accel_test ****
make all 
make: Warning: File `src/subdir.mk' has modification time 0.5 s in the future
make: warning:  Clock skew detected.  Your build may be incomplete.
make: Nothing to be done for `all'.
17:37:51 **** Incremental Build of configuration Debug for project accel_test ****
make all 
make: Warning: File `src/subdir.mk' has modification time 0.5 s in the future
make: warning:  Clock skew detected.  Your build may be incomplete.
make: Nothing to be done for `all'.
17:48:05 **** Auto Build of configuration Debug for project accel_test ****
make all 
make: Warning: File `src/subdir.mk' has modification time 0.52 s in the future
Building file: ../src/helloworld.c
Invoking: ARM gcc compiler
arm-xilinx-eabi-gcc -Wall -O0 -g3 -c -fmessage-length=0 -MT"src/helloworld.o" -I../../standalone_accel_test_0/ps7_cortexa9_0/include -MMD -MP -MF"src/helloworld.d" -MT"src/helloworld.d" -o "src/helloworld.o" "../src/helloworld.c"
../src/helloworld.c:55:1: warning: return type defaults to 'int' [-Wreturn-type]
 rst_dma(struct dma_control *dev) { dev->global_control |= RST;}
 ^
../src/helloworld.c: In function 'rst_dma':
../src/helloworld.c:55:16: warning: control reaches end of non-void function [-Wreturn-type]
 rst_dma(struct dma_control *dev) { dev->global_control |= RST;}
                ^
Finished building: ../src/helloworld.c
 
Building target: accel_test.elf
Invoking: ARM gcc linker
arm-xilinx-eabi-gcc -Wl,-T -Wl,../src/lscript.ld -L../../standalone_accel_test_0/ps7_cortexa9_0/lib -o "accel_test.elf"  ./src/helloworld.o ./src/platform.o   -Wl,--start-group,-lxil,-lgcc,-lc,--end-group
Finished building target: accel_test.elf
 
Invoking: ARM Print Size
arm-xilinx-eabi-size accel_test.elf  |tee "accel_test.elf.size"
   text	   data	    bss	    dec	    hex	filename
  23108	   1152	  22564	  46824	   b6e8	accel_test.elf
Finished building: accel_test.elf.size
 
make: warning:  Clock skew detected.  Your build may be incomplete.
17:48:20 **** Incremental Build of configuration Debug for project accel_test ****
make all 
make: Warning: File `src/subdir.mk' has modification time 0.53 s in the future
make: warning:  Clock skew detected.  Your build may be incomplete.
make: Nothing to be done for `all'.
17:50:18 **** Incremental Build of configuration Debug for project accel_test ****
make all 
make: Warning: File `src/subdir.mk' has modification time 0.52 s in the future
make: warning:  Clock skew detected.  Your build may be incomplete.
make: Nothing to be done for `all'.
17:54:32 **** Incremental Build of configuration Debug for project accel_test ****
make all 
make: Warning: File `src/subdir.mk' has modification time 0.53 s in the future
make: warning:  Clock skew detected.  Your build may be incomplete.
make: Nothing to be done for `all'.
17:56:22 **** Incremental Build of configuration Debug for project accel_test ****
make all 
make: Warning: File `src/subdir.mk' has modification time 0.53 s in the future
make: warning:  Clock skew detected.  Your build may be incomplete.
make: Nothing to be done for `all'.
18:08:55 **** Incremental Build of configuration Debug for project accel_test ****
make all 
make: Warning: File `src/subdir.mk' has modification time 0.55 s in the future
make: warning:  Clock skew detected.  Your build may be incomplete.
make: Nothing to be done for `all'.
18:26:02 **** Incremental Build of configuration Debug for project accel_test ****
make all 
make: Warning: File `src/subdir.mk' has modification time 0.58 s in the future
make: warning:  Clock skew detected.  Your build may be incomplete.
make: Nothing to be done for `all'.
18:29:31 **** Auto Build of configuration Debug for project accel_test ****
make all 
make: Warning: File `src/subdir.mk' has modification time 0.58 s in the future
Building file: ../src/helloworld.c
Invoking: ARM gcc compiler
arm-xilinx-eabi-gcc -Wall -O0 -g3 -c -fmessage-length=0 -MT"src/helloworld.o" -I../../standalone_accel_test_0/ps7_cortexa9_0/include -MMD -MP -MF"src/helloworld.d" -MT"src/helloworld.d" -o "src/helloworld.o" "../src/helloworld.c"
../src/helloworld.c:55:1: warning: return type defaults to 'int' [-Wreturn-type]
 rst_dma(struct dma_control *dev) { dev->global_control |= RST;}
 ^
../src/helloworld.c: In function 'main':
../src/helloworld.c:64:13: warning: unused variable 'dummy' [-Wunused-variable]
     int32_t dummy[100];
             ^
../src/helloworld.c: In function 'rst_dma':
../src/helloworld.c:55:16: warning: control reaches end of non-void function [-Wreturn-type]
 rst_dma(struct dma_control *dev) { dev->global_control |= RST;}
                ^
Finished building: ../src/helloworld.c
 
Building target: accel_test.elf
Invoking: ARM gcc linker
arm-xilinx-eabi-gcc -Wl,-T -Wl,../src/lscript.ld -L../../standalone_accel_test_0/ps7_cortexa9_0/lib -o "accel_test.elf"  ./src/helloworld.o ./src/platform.o   -Wl,--start-group,-lxil,-lgcc,-lc,--end-group
Finished building target: accel_test.elf
 
Invoking: ARM Print Size
arm-xilinx-eabi-size accel_test.elf  |tee "accel_test.elf.size"
   text	   data	    bss	    dec	    hex	filename
  23108	   1152	  22564	  46824	   b6e8	accel_test.elf
Finished building: accel_test.elf.size
 
make: warning:  Clock skew detected.  Your build may be incomplete.
18:29:42 **** Incremental Build of configuration Debug for project accel_test ****
make all 
make: Warning: File `src/subdir.mk' has modification time 0.6 s in the future
make: warning:  Clock skew detected.  Your build may be incomplete.
make: Nothing to be done for `all'.
18:35:28 **** Incremental Build of configuration Debug for project accel_test ****
make all 
make: Warning: File `src/subdir.mk' has modification time 0.6 s in the future
make: warning:  Clock skew detected.  Your build may be incomplete.
make: Nothing to be done for `all'.
18:38:43 **** Auto Build of configuration Debug for project accel_test ****
make all 
make: Warning: File `src/subdir.mk' has modification time 0.6 s in the future
Building file: ../src/helloworld.c
Invoking: ARM gcc compiler
arm-xilinx-eabi-gcc -Wall -O0 -g3 -c -fmessage-length=0 -MT"src/helloworld.o" -I../../standalone_accel_test_0/ps7_cortexa9_0/include -MMD -MP -MF"src/helloworld.d" -MT"src/helloworld.d" -o "src/helloworld.o" "../src/helloworld.c"
../src/helloworld.c:55:1: warning: return type defaults to 'int' [-Wreturn-type]
 rst_dma(struct dma_control *dev) { dev->global_control |= RST;}
 ^
../src/helloworld.c: In function 'rst_dma':
../src/helloworld.c:55:16: warning: control reaches end of non-void function [-Wreturn-type]
 rst_dma(struct dma_control *dev) { dev->global_control |= RST;}
                ^
Finished building: ../src/helloworld.c
 
Building target: accel_test.elf
Invoking: ARM gcc linker
arm-xilinx-eabi-gcc -Wl,-T -Wl,../src/lscript.ld -L../../standalone_accel_test_0/ps7_cortexa9_0/lib -o "accel_test.elf"  ./src/helloworld.o ./src/platform.o   -Wl,--start-group,-lxil,-lgcc,-lc,--end-group
Finished building target: accel_test.elf
 
Invoking: ARM Print Size
arm-xilinx-eabi-size accel_test.elf  |tee "accel_test.elf.size"
   text	   data	    bss	    dec	    hex	filename
  23108	   1152	  22564	  46824	   b6e8	accel_test.elf
Finished building: accel_test.elf.size
 
make: warning:  Clock skew detected.  Your build may be incomplete.
18:38:53 **** Incremental Build of configuration Debug for project accel_test ****
make all 
make: Warning: File `src/subdir.mk' has modification time 0.62 s in the future
make: warning:  Clock skew detected.  Your build may be incomplete.
make: Nothing to be done for `all'.
18:41:20 **** Auto Build of configuration Debug for project accel_test ****
make all 
make: Warning: File `src/subdir.mk' has modification time 0.6 s in the future
Building file: ../src/helloworld.c
Invoking: ARM gcc compiler
arm-xilinx-eabi-gcc -Wall -O0 -g3 -c -fmessage-length=0 -MT"src/helloworld.o" -I../../standalone_accel_test_0/ps7_cortexa9_0/include -MMD -MP -MF"src/helloworld.d" -MT"src/helloworld.d" -o "src/helloworld.o" "../src/helloworld.c"
../src/helloworld.c:56:1: warning: return type defaults to 'int' [-Wreturn-type]
 rst_dma(struct dma_control *dev) { dev->global_control |= RST;}
 ^
../src/helloworld.c: In function 'rst_dma':
../src/helloworld.c:56:16: warning: control reaches end of non-void function [-Wreturn-type]
 rst_dma(struct dma_control *dev) { dev->global_control |= RST;}
                ^
Finished building: ../src/helloworld.c
 
Building target: accel_test.elf
Invoking: ARM gcc linker
arm-xilinx-eabi-gcc -Wl,-T -Wl,../src/lscript.ld -L../../standalone_accel_test_0/ps7_cortexa9_0/lib -o "accel_test.elf"  ./src/helloworld.o ./src/platform.o   -Wl,--start-group,-lxil,-lgcc,-lc,--end-group
Finished building target: accel_test.elf
 
Invoking: ARM Print Size
arm-xilinx-eabi-size accel_test.elf  |tee "accel_test.elf.size"
   text	   data	    bss	    dec	    hex	filename
  23108	   1152	  22564	  46824	   b6e8	accel_test.elf
Finished building: accel_test.elf.size
 
make: warning:  Clock skew detected.  Your build may be incomplete.
18:41:30 **** Auto Build of configuration Debug for project accel_test ****
make all 
make: Warning: File `src/subdir.mk' has modification time 0.62 s in the future
Building file: ../src/helloworld.c
Invoking: ARM gcc compiler
arm-xilinx-eabi-gcc -Wall -O0 -g3 -c -fmessage-length=0 -MT"src/helloworld.o" -I../../standalone_accel_test_0/ps7_cortexa9_0/include -MMD -MP -MF"src/helloworld.d" -MT"src/helloworld.d" -o "src/helloworld.o" "../src/helloworld.c"
../src/helloworld.c:55:1: warning: return type defaults to 'int' [-Wreturn-type]
 rst_dma(struct dma_control *dev) { dev->global_control |= RST;}
 ^
../src/helloworld.c: In function 'rst_dma':
../src/helloworld.c:55:16: warning: control reaches end of non-void function [-Wreturn-type]
 rst_dma(struct dma_control *dev) { dev->global_control |= RST;}
                ^
Finished building: ../src/helloworld.c
 
Building target: accel_test.elf
Invoking: ARM gcc linker
arm-xilinx-eabi-gcc -Wl,-T -Wl,../src/lscript.ld -L../../standalone_accel_test_0/ps7_cortexa9_0/lib -o "accel_test.elf"  ./src/helloworld.o ./src/platform.o   -Wl,--start-group,-lxil,-lgcc,-lc,--end-group
Finished building target: accel_test.elf
 
Invoking: ARM Print Size
arm-xilinx-eabi-size accel_test.elf  |tee "accel_test.elf.size"
   text	   data	    bss	    dec	    hex	filename
  23108	   1152	  22564	  46824	   b6e8	accel_test.elf
Finished building: accel_test.elf.size
 
make: warning:  Clock skew detected.  Your build may be incomplete.
18:41:44 **** Auto Build of configuration Debug for project accel_test ****
make all 
make: Warning: File `src/subdir.mk' has modification time 0.62 s in the future
Building file: ../src/helloworld.c
Invoking: ARM gcc compiler
arm-xilinx-eabi-gcc -Wall -O0 -g3 -c -fmessage-length=0 -MT"src/helloworld.o" -I../../standalone_accel_test_0/ps7_cortexa9_0/include -MMD -MP -MF"src/helloworld.d" -MT"src/helloworld.d" -o "src/helloworld.o" "../src/helloworld.c"
Finished building: ../src/helloworld.c
 
Building target: accel_test.elf
Invoking: ARM gcc linker
arm-xilinx-eabi-gcc -Wl,-T -Wl,../src/lscript.ld -L../../standalone_accel_test_0/ps7_cortexa9_0/lib -o "accel_test.elf"  ./src/helloworld.o ./src/platform.o   -Wl,--start-group,-lxil,-lgcc,-lc,--end-group
Finished building target: accel_test.elf
 
Invoking: ARM Print Size
arm-xilinx-eabi-size accel_test.elf  |tee "accel_test.elf.size"
   text	   data	    bss	    dec	    hex	filename
  23104	   1152	  22564	  46820	   b6e4	accel_test.elf
Finished building: accel_test.elf.size
 
make: warning:  Clock skew detected.  Your build may be incomplete.
18:42:30 **** Auto Build of configuration Debug for project accel_test ****
make all 
make: Warning: File `src/subdir.mk' has modification time 0.6 s in the future
Building file: ../src/helloworld.c
Invoking: ARM gcc compiler
arm-xilinx-eabi-gcc -Wall -O0 -g3 -c -fmessage-length=0 -MT"src/helloworld.o" -I../../standalone_accel_test_0/ps7_cortexa9_0/include -MMD -MP -MF"src/helloworld.d" -MT"src/helloworld.d" -o "src/helloworld.o" "../src/helloworld.c"
Finished building: ../src/helloworld.c
 
Building target: accel_test.elf
Invoking: ARM gcc linker
arm-xilinx-eabi-gcc -Wl,-T -Wl,../src/lscript.ld -L../../standalone_accel_test_0/ps7_cortexa9_0/lib -o "accel_test.elf"  ./src/helloworld.o ./src/platform.o   -Wl,--start-group,-lxil,-lgcc,-lc,--end-group
Finished building target: accel_test.elf
 
Invoking: ARM Print Size
arm-xilinx-eabi-size accel_test.elf  |tee "accel_test.elf.size"
   text	   data	    bss	    dec	    hex	filename
  26276	   2192	  22628	  51096	   c798	accel_test.elf
Finished building: accel_test.elf.size
 
make: warning:  Clock skew detected.  Your build may be incomplete.
18:43:18 **** Auto Build of configuration Debug for project accel_test ****
make all 
make: Warning: File `src/subdir.mk' has modification time 0.62 s in the future
Building file: ../src/helloworld.c
Invoking: ARM gcc compiler
arm-xilinx-eabi-gcc -Wall -O0 -g3 -c -fmessage-length=0 -MT"src/helloworld.o" -I../../standalone_accel_test_0/ps7_cortexa9_0/include -MMD -MP -MF"src/helloworld.d" -MT"src/helloworld.d" -o "src/helloworld.o" "../src/helloworld.c"
Finished building: ../src/helloworld.c
 
Building target: accel_test.elf
Invoking: ARM gcc linker
arm-xilinx-eabi-gcc -Wl,-T -Wl,../src/lscript.ld -L../../standalone_accel_test_0/ps7_cortexa9_0/lib -o "accel_test.elf"  ./src/helloworld.o ./src/platform.o   -Wl,--start-group,-lxil,-lgcc,-lc,--end-group
Finished building target: accel_test.elf
 
Invoking: ARM Print Size
arm-xilinx-eabi-size accel_test.elf  |tee "accel_test.elf.size"
   text	   data	    bss	    dec	    hex	filename
  26360	   2192	  22628	  51180	   c7ec	accel_test.elf
Finished building: accel_test.elf.size
 
make: warning:  Clock skew detected.  Your build may be incomplete.
18:43:20 **** Incremental Build of configuration Debug for project accel_test ****
make all 
make: Warning: File `src/subdir.mk' has modification time 0.63 s in the future
make: Nothing to be done for `all'.
make: warning:  Clock skew detected.  Your build may be incomplete.
18:46:43 **** Auto Build of configuration Debug for project accel_test ****
make all 
make: Warning: File `src/subdir.mk' has modification time 0.61 s in the future
Building file: ../src/helloworld.c
Invoking: ARM gcc compiler
arm-xilinx-eabi-gcc -Wall -O0 -g3 -c -fmessage-length=0 -MT"src/helloworld.o" -I../../standalone_accel_test_0/ps7_cortexa9_0/include -MMD -MP -MF"src/helloworld.d" -MT"src/helloworld.d" -o "src/helloworld.o" "../src/helloworld.c"
Finished building: ../src/helloworld.c
 
Building target: accel_test.elf
Invoking: ARM gcc linker
arm-xilinx-eabi-gcc -Wl,-T -Wl,../src/lscript.ld -L../../standalone_accel_test_0/ps7_cortexa9_0/lib -o "accel_test.elf"  ./src/helloworld.o ./src/platform.o   -Wl,--start-group,-lxil,-lgcc,-lc,--end-group
Finished building target: accel_test.elf
 
Invoking: ARM Print Size
arm-xilinx-eabi-size accel_test.elf  |tee "accel_test.elf.size"
   text	   data	    bss	    dec	    hex	filename
  26344	   2192	  22628	  51164	   c7dc	accel_test.elf
Finished building: accel_test.elf.size
 
make: warning:  Clock skew detected.  Your build may be incomplete.
18:46:53 **** Incremental Build of configuration Debug for project accel_test ****
make all 
make: Warning: File `src/subdir.mk' has modification time 0.63 s in the future
make: warning:  Clock skew detected.  Your build may be incomplete.
make: Nothing to be done for `all'.
18:48:14 **** Auto Build of configuration Debug for project accel_test ****
make all 
make: Warning: File `src/subdir.mk' has modification time 0.61 s in the future
Building file: ../src/helloworld.c
Invoking: ARM gcc compiler
arm-xilinx-eabi-gcc -Wall -O0 -g3 -c -fmessage-length=0 -MT"src/helloworld.o" -I../../standalone_accel_test_0/ps7_cortexa9_0/include -MMD -MP -MF"src/helloworld.d" -MT"src/helloworld.d" -o "src/helloworld.o" "../src/helloworld.c"
Finished building: ../src/helloworld.c
 
Building target: accel_test.elf
Invoking: ARM gcc linker
arm-xilinx-eabi-gcc -Wl,-T -Wl,../src/lscript.ld -L../../standalone_accel_test_0/ps7_cortexa9_0/lib -o "accel_test.elf"  ./src/helloworld.o ./src/platform.o   -Wl,--start-group,-lxil,-lgcc,-lc,--end-group
Finished building target: accel_test.elf
 
Invoking: ARM Print Size
arm-xilinx-eabi-size accel_test.elf  |tee "accel_test.elf.size"
   text	   data	    bss	    dec	    hex	filename
  26344	   2192	  22628	  51164	   c7dc	accel_test.elf
Finished building: accel_test.elf.size
 
make: warning:  Clock skew detected.  Your build may be incomplete.
18:48:25 **** Incremental Build of configuration Debug for project accel_test ****
make all 
make: Warning: File `src/subdir.mk' has modification time 0.63 s in the future
make: warning:  Clock skew detected.  Your build may be incomplete.
make: Nothing to be done for `all'.
18:49:26 **** Auto Build of configuration Debug for project accel_test ****
make all 
make: Warning: File `src/subdir.mk' has modification time 0.62 s in the future
Building file: ../src/helloworld.c
Invoking: ARM gcc compiler
arm-xilinx-eabi-gcc -Wall -O0 -g3 -c -fmessage-length=0 -MT"src/helloworld.o" -I../../standalone_accel_test_0/ps7_cortexa9_0/include -MMD -MP -MF"src/helloworld.d" -MT"src/helloworld.d" -o "src/helloworld.o" "../src/helloworld.c"
Finished building: ../src/helloworld.c
 
Building target: accel_test.elf
Invoking: ARM gcc linker
arm-xilinx-eabi-gcc -Wl,-T -Wl,../src/lscript.ld -L../../standalone_accel_test_0/ps7_cortexa9_0/lib -o "accel_test.elf"  ./src/helloworld.o ./src/platform.o   -Wl,--start-group,-lxil,-lgcc,-lc,--end-group
Finished building target: accel_test.elf
 
Invoking: ARM Print Size
arm-xilinx-eabi-size accel_test.elf  |tee "accel_test.elf.size"
   text	   data	    bss	    dec	    hex	filename
  26340	   2192	  22628	  51160	   c7d8	accel_test.elf
Finished building: accel_test.elf.size
 
make: warning:  Clock skew detected.  Your build may be incomplete.
18:49:30 **** Auto Build of configuration Debug for project accel_test ****
make all 
make: Warning: File `src/subdir.mk' has modification time 0.63 s in the future
Building file: ../src/helloworld.c
Invoking: ARM gcc compiler
arm-xilinx-eabi-gcc -Wall -O0 -g3 -c -fmessage-length=0 -MT"src/helloworld.o" -I../../standalone_accel_test_0/ps7_cortexa9_0/include -MMD -MP -MF"src/helloworld.d" -MT"src/helloworld.d" -o "src/helloworld.o" "../src/helloworld.c"
Finished building: ../src/helloworld.c
 
Building target: accel_test.elf
Invoking: ARM gcc linker
arm-xilinx-eabi-gcc -Wl,-T -Wl,../src/lscript.ld -L../../standalone_accel_test_0/ps7_cortexa9_0/lib -o "accel_test.elf"  ./src/helloworld.o ./src/platform.o   -Wl,--start-group,-lxil,-lgcc,-lc,--end-group
Finished building target: accel_test.elf
 
Invoking: ARM Print Size
arm-xilinx-eabi-size accel_test.elf  |tee "accel_test.elf.size"
   text	   data	    bss	    dec	    hex	filename
  26332	   2192	  22628	  51152	   c7d0	accel_test.elf
Finished building: accel_test.elf.size
 
make: warning:  Clock skew detected.  Your build may be incomplete.
18:49:46 **** Incremental Build of configuration Debug for project accel_test ****
make all 
make: Warning: File `src/subdir.mk' has modification time 0.63 s in the future
make: warning:  Clock skew detected.  Your build may be incomplete.
make: Nothing to be done for `all'.
18:56:07 **** Auto Build of configuration Debug for project accel_test ****
make all 
make: Warning: File `src/subdir.mk' has modification time 0.62 s in the future
Building file: ../src/helloworld.c
Invoking: ARM gcc compiler
arm-xilinx-eabi-gcc -Wall -O0 -g3 -c -fmessage-length=0 -MT"src/helloworld.o" -I../../standalone_accel_test_0/ps7_cortexa9_0/include -MMD -MP -MF"src/helloworld.d" -MT"src/helloworld.d" -o "src/helloworld.o" "../src/helloworld.c"
../src/helloworld.c: In function 'main':
../src/helloworld.c:68:2: warning: implicit declaration of function 'Xil_DCacheDisable' [-Wimplicit-function-declaration]
  Xil_DCacheDisable();
  ^
Finished building: ../src/helloworld.c
 
Building target: accel_test.elf
Invoking: ARM gcc linker
arm-xilinx-eabi-gcc -Wl,-T -Wl,../src/lscript.ld -L../../standalone_accel_test_0/ps7_cortexa9_0/lib -o "accel_test.elf"  ./src/helloworld.o ./src/platform.o   -Wl,--start-group,-lxil,-lgcc,-lc,--end-group
Finished building target: accel_test.elf
 
Invoking: ARM Print Size
arm-xilinx-eabi-size accel_test.elf  |tee "accel_test.elf.size"
   text	   data	    bss	    dec	    hex	filename
  26336	   2192	  22628	  51156	   c7d4	accel_test.elf
Finished building: accel_test.elf.size
 
make: warning:  Clock skew detected.  Your build may be incomplete.
18:56:27 **** Auto Build of configuration Debug for project accel_test ****
make all 
make: Warning: File `src/subdir.mk' has modification time 0.64 s in the future
Building file: ../src/helloworld.c
Invoking: ARM gcc compiler
arm-xilinx-eabi-gcc -Wall -O0 -g3 -c -fmessage-length=0 -MT"src/helloworld.o" -I../../standalone_accel_test_0/ps7_cortexa9_0/include -MMD -MP -MF"src/helloworld.d" -MT"src/helloworld.d" -o "src/helloworld.o" "../src/helloworld.c"
Finished building: ../src/helloworld.c
 
Building target: accel_test.elf
Invoking: ARM gcc linker
arm-xilinx-eabi-gcc -Wl,-T -Wl,../src/lscript.ld -L../../standalone_accel_test_0/ps7_cortexa9_0/lib -o "accel_test.elf"  ./src/helloworld.o ./src/platform.o   -Wl,--start-group,-lxil,-lgcc,-lc,--end-group
Finished building target: accel_test.elf
 
Invoking: ARM Print Size
arm-xilinx-eabi-size accel_test.elf  |tee "accel_test.elf.size"
   text	   data	    bss	    dec	    hex	filename
  26336	   2192	  22628	  51156	   c7d4	accel_test.elf
Finished building: accel_test.elf.size
 
make: warning:  Clock skew detected.  Your build may be incomplete.
18:56:34 **** Incremental Build of configuration Debug for project accel_test ****
make all 
make: Warning: File `src/subdir.mk' has modification time 0.65 s in the future
make: warning:  Clock skew detected.  Your build may be incomplete.
make: Nothing to be done for `all'.
18:58:09 **** Auto Build of configuration Debug for project accel_test ****
make all 
make: Warning: File `src/subdir.mk' has modification time 0.63 s in the future
Building file: ../src/helloworld.c
Invoking: ARM gcc compiler
arm-xilinx-eabi-gcc -Wall -O0 -g3 -c -fmessage-length=0 -MT"src/helloworld.o" -I../../standalone_accel_test_0/ps7_cortexa9_0/include -MMD -MP -MF"src/helloworld.d" -MT"src/helloworld.d" -o "src/helloworld.o" "../src/helloworld.c"
Finished building: ../src/helloworld.c
 
Building target: accel_test.elf
Invoking: ARM gcc linker
arm-xilinx-eabi-gcc -Wl,-T -Wl,../src/lscript.ld -L../../standalone_accel_test_0/ps7_cortexa9_0/lib -o "accel_test.elf"  ./src/helloworld.o ./src/platform.o   -Wl,--start-group,-lxil,-lgcc,-lc,--end-group
Finished building target: accel_test.elf
 
Invoking: ARM Print Size
arm-xilinx-eabi-size accel_test.elf  |tee "accel_test.elf.size"
   text	   data	    bss	    dec	    hex	filename
  26332	   2192	  22628	  51152	   c7d0	accel_test.elf
Finished building: accel_test.elf.size
 
make: warning:  Clock skew detected.  Your build may be incomplete.
18:58:30 **** Incremental Build of configuration Debug for project accel_test ****
make all 
make: Warning: File `src/subdir.mk' has modification time 0.65 s in the future
make: Nothing to be done for `all'.
make: warning:  Clock skew detected.  Your build may be incomplete.
